[20:54:05.485] === SYNC ANALYSIS LOG STARTED ===
Expected host send rate: 20Hz (50ms intervals)
Expected client interpolation rate: 30Hz (33ms intervals)
Format: [Time] Event: Details

[20:54:09.395] DATA_RX: Packet #10, Interval: 95,3ms, Jitter: 45,3ms
[20:54:09.598] PHYSICS: Frame #60, Jitter: 39,2ms, Prediction: 100,0%
[20:54:10.293] DATA_RX: Packet #20, Interval: 93,0ms, Jitter: 43,0ms
[20:54:10.618] PHYSICS: Frame #120, Jitter: 44,7ms, Prediction: 100,0%
[20:54:11.195] DATA_RX: Packet #30, Interval: 90,7ms, Jitter: 40,7ms
[20:54:11.641] PHYSICS: Frame #180, Jitter: 40,4ms, Prediction: 100,0%
[20:54:12.095] DATA_RX: Packet #40, Interval: 96,0ms, Jitter: 46,0ms
[20:54:12.661] PHYSICS: Frame #240, Jitter: 40,0ms, Prediction: 100,0%
[20:54:13.063] DATA_RX: Packet #50, Interval: 120,1ms, Jitter: 70,1ms
[20:54:13.682] PHYSICS: Frame #300, Jitter: 42,1ms, Prediction: 100,0%
[20:54:13.952] DATA_RX: Packet #60, Interval: 62,2ms, Jitter: 12,2ms
[20:54:14.703] PHYSICS: Frame #360, Jitter: 39,7ms, Prediction: 100,0%
[20:54:14.851] DATA_RX: Packet #70, Interval: 109,7ms, Jitter: 59,7ms
[20:54:15.734] PHYSICS: Frame #420, Jitter: 38,5ms, Prediction: 100,0%
[20:54:15.751] DATA_RX: Packet #80, Interval: 90,7ms, Jitter: 40,7ms
[20:54:16.652] DATA_RX: Packet #90, Interval: 109,8ms, Jitter: 59,8ms
[20:54:16.754] PHYSICS: Frame #480, Jitter: 40,1ms, Prediction: 100,0%
[20:54:17.491] DATA_RX: Packet #100, Interval: 90,4ms, Jitter: 40,4ms
[20:54:17.770] PHYSICS: Frame #540, Jitter: 41,5ms, Prediction: 100,0%
[20:54:18.590] DATA_RX: Packet #110, Interval: 194,6ms, Jitter: 144,6ms
[20:54:18.787] PHYSICS: Frame #600, Jitter: 45,1ms, Prediction: 100,0%
[20:54:19.798] DATA_RX: Packet #120, Interval: 97,4ms, Jitter: 47,4ms
[20:54:19.811] PHYSICS: Frame #660, Jitter: 65,3ms, Prediction: 100,0%
[20:54:20.690] DATA_RX: Packet #130, Interval: 92,1ms, Jitter: 42,1ms
[20:54:20.831] PHYSICS: Frame #720, Jitter: 58,1ms, Prediction: 100,0%
[20:54:21.651] DATA_RX: Packet #140, Interval: 108,2ms, Jitter: 58,2ms
[20:54:21.854] PHYSICS: Frame #780, Jitter: 42,1ms, Prediction: 100,0%
[20:54:22.593] DATA_RX: Packet #150, Interval: 90,2ms, Jitter: 40,2ms
[20:54:22.871] PHYSICS: Frame #840, Jitter: 42,6ms, Prediction: 100,0%
[20:54:23.399] DATA_RX: Packet #160, Interval: 97,6ms, Jitter: 47,6ms
[20:54:23.882] PHYSICS: Frame #900, Jitter: 37,6ms, Prediction: 100,0%
[20:54:24.346] DATA_RX: Packet #170, Interval: 95,1ms, Jitter: 45,1ms
[20:54:24.907] PHYSICS: Frame #960, Jitter: 42,8ms, Prediction: 100,0%
[20:54:25.248] DATA_RX: Packet #180, Interval: 97,3ms, Jitter: 47,3ms
[20:54:25.929] PHYSICS: Frame #1020, Jitter: 40,0ms, Prediction: 100,0%
[20:54:26.105] DATA_RX: Packet #190, Interval: 63,2ms, Jitter: 13,2ms
[20:54:26.944] DATA_RX: Packet #200, Interval: 93,7ms, Jitter: 43,7ms
[20:54:26.955] PHYSICS: Frame #1080, Jitter: 34,9ms, Prediction: 100,0%
[20:54:27.793] DATA_RX: Packet #210, Interval: 93,2ms, Jitter: 43,2ms
[20:54:27.973] PHYSICS: Frame #1140, Jitter: 33,2ms, Prediction: 100,0%
[20:54:28.737] DATA_RX: Packet #220, Interval: 92,5ms, Jitter: 42,5ms
[20:54:28.981] PHYSICS: Frame #1200, Jitter: 39,9ms, Prediction: 100,0%
[20:54:29.593] DATA_RX: Packet #230, Interval: 93,5ms, Jitter: 43,5ms
[20:54:30.003] PHYSICS: Frame #1260, Jitter: 45,1ms, Prediction: 100,0%
[20:54:30.748] DATA_RX: Packet #240, Interval: 74,5ms, Jitter: 24,5ms
[20:54:31.032] PHYSICS: Frame #1320, Jitter: 54,1ms, Prediction: 100,0%
[20:54:32.043] PHYSICS: Frame #1380, Jitter: 70,1ms, Prediction: 100,0%
[20:54:32.102] DATA_RX: Packet #250, Interval: 199,5ms, Jitter: 149,5ms
[20:54:33.068] PHYSICS: Frame #1440, Jitter: 74,7ms, Prediction: 100,0%
[20:54:33.192] DATA_RX: Packet #260, Interval: 92,2ms, Jitter: 42,2ms
[20:54:34.091] PHYSICS: Frame #1500, Jitter: 54,6ms, Prediction: 100,0%
[20:54:34.101] DATA_RX: Packet #270, Interval: 107,0ms, Jitter: 57,0ms
[20:54:35.001] DATA_RX: Packet #280, Interval: 110,3ms, Jitter: 60,3ms
[20:54:35.114] PHYSICS: Frame #1560, Jitter: 40,4ms, Prediction: 100,0%
[20:54:35.836] DATA_RX: Packet #290, Interval: 92,8ms, Jitter: 42,8ms
[20:54:36.131] PHYSICS: Frame #1620, Jitter: 35,2ms, Prediction: 100,0%
[20:54:36.750] DATA_RX: Packet #300, Interval: 108,2ms, Jitter: 58,2ms
[20:54:37.151] PHYSICS: Frame #1680, Jitter: 37,5ms, Prediction: 100,0%
[20:54:37.591] DATA_RX: Packet #310, Interval: 90,5ms, Jitter: 40,5ms
[20:54:38.172] PHYSICS: Frame #1740, Jitter: 40,8ms, Prediction: 100,0%
[20:54:38.549] DATA_RX: Packet #320, Interval: 63,1ms, Jitter: 13,1ms
[20:54:39.183] PHYSICS: Frame #1800, Jitter: 42,9ms, Prediction: 100,0%
[20:54:39.495] DATA_RX: Packet #330, Interval: 94,9ms, Jitter: 44,9ms
[20:54:40.207] PHYSICS: Frame #1860, Jitter: 40,1ms, Prediction: 100,0%
[20:54:40.395] DATA_RX: Packet #340, Interval: 93,5ms, Jitter: 43,5ms
[20:54:41.228] PHYSICS: Frame #1920, Jitter: 37,1ms, Prediction: 100,0%
[20:54:41.257] DATA_RX: Packet #350, Interval: 115,9ms, Jitter: 65,9ms
[20:54:42.159] DATA_RX: Packet #360, Interval: 114,0ms, Jitter: 64,0ms
[20:54:42.248] PHYSICS: Frame #1980, Jitter: 37,5ms, Prediction: 100,0%
[20:54:43.116] DATA_RX: Packet #370, Interval: 77,7ms, Jitter: 27,7ms
[20:54:43.264] PHYSICS: Frame #2040, Jitter: 43,0ms, Prediction: 100,0%
[20:54:44.197] DATA_RX: Packet #380, Interval: 214,8ms, Jitter: 164,8ms
[20:54:44.295] PHYSICS: Frame #2100, Jitter: 52,3ms, Prediction: 100,0%
[20:54:45.302] PHYSICS: Frame #2160, Jitter: 71,7ms, Prediction: 100,0%
[20:54:45.545] DATA_RX: Packet #390, Interval: 92,7ms, Jitter: 42,7ms
[20:54:46.323] PHYSICS: Frame #2220, Jitter: 73,1ms, Prediction: 100,0%
[20:54:46.441] DATA_RX: Packet #400, Interval: 93,3ms, Jitter: 43,3ms
[20:54:47.345] PHYSICS: Frame #2280, Jitter: 42,1ms, Prediction: 100,0%
[20:54:47.387] DATA_RX: Packet #410, Interval: 93,6ms, Jitter: 43,6ms
[20:54:48.196] DATA_RX: Packet #420, Interval: 92,3ms, Jitter: 42,3ms
[20:54:48.362] PHYSICS: Frame #2340, Jitter: 35,4ms, Prediction: 100,0%
[20:54:49.048] DATA_RX: Packet #430, Interval: 107,8ms, Jitter: 57,8ms
[20:54:49.394] PHYSICS: Frame #2400, Jitter: 35,2ms, Prediction: 100,0%
[20:54:50.009] DATA_RX: Packet #440, Interval: 107,0ms, Jitter: 57,0ms
[20:54:50.411] PHYSICS: Frame #2460, Jitter: 41,3ms, Prediction: 100,0%
[20:54:50.849] DATA_RX: Packet #450, Interval: 63,3ms, Jitter: 13,3ms
[20:54:51.431] PHYSICS: Frame #2520, Jitter: 37,5ms, Prediction: 100,0%
[20:54:51.749] DATA_RX: Packet #460, Interval: 61,9ms, Jitter: 11,9ms
[20:54:52.453] PHYSICS: Frame #2580, Jitter: 38,0ms, Prediction: 100,0%
[20:54:52.648] DATA_RX: Packet #470, Interval: 107,7ms, Jitter: 57,7ms
[20:54:53.464] PHYSICS: Frame #2640, Jitter: 40,1ms, Prediction: 100,0%
[20:54:53.549] DATA_RX: Packet #480, Interval: 60,9ms, Jitter: 10,9ms
[20:54:54.438] DATA_RX: Packet #490, Interval: 94,9ms, Jitter: 44,9ms
[20:54:54.483] PHYSICS: Frame #2700, Jitter: 39,5ms, Prediction: 100,0%
[20:54:55.300] DATA_RX: Packet #500, Interval: 98,8ms, Jitter: 48,8ms
[20:54:55.507] PHYSICS: Frame #2760, Jitter: 40,4ms, Prediction: 100,0%
[20:54:56.337] DATA_RX: Packet #510, Interval: 63,3ms, Jitter: 13,3ms
[20:54:56.531] PHYSICS: Frame #2820, Jitter: 49,0ms, Prediction: 100,0%
[20:54:57.487] DATA_RX: Packet #520, Interval: 92,6ms, Jitter: 42,6ms
[20:54:57.551] PHYSICS: Frame #2880, Jitter: 59,4ms, Prediction: 100,0%
[20:54:58.350] DATA_RX: Packet #530, Interval: 101,7ms, Jitter: 51,7ms
[20:54:58.575] PHYSICS: Frame #2940, Jitter: 43,2ms, Prediction: 100,0%
[20:54:59.215] DATA_RX: Packet #540, Interval: 78,1ms, Jitter: 28,1ms
[20:54:59.581] PHYSICS: Frame #3000, Jitter: 34,8ms, Prediction: 100,0%
[20:55:00.049] DATA_RX: Packet #550, Interval: 109,2ms, Jitter: 59,2ms
[20:55:00.604] PHYSICS: Frame #3060, Jitter: 33,1ms, Prediction: 100,0%
[20:55:00.935] DATA_RX: Packet #560, Interval: 88,4ms, Jitter: 38,4ms
[20:55:01.625] PHYSICS: Frame #3120, Jitter: 37,7ms, Prediction: 100,0%
[20:55:01.787] DATA_RX: Packet #570, Interval: 94,3ms, Jitter: 44,3ms
[20:55:02.640] DATA_RX: Packet #580, Interval: 87,6ms, Jitter: 37,6ms
[20:55:02.641] PHYSICS: Frame #3180, Jitter: 35,2ms, Prediction: 100,0%
[20:55:03.542] DATA_RX: Packet #590, Interval: 92,5ms, Jitter: 42,5ms
[20:55:03.676] PHYSICS: Frame #3240, Jitter: 39,4ms, Prediction: 100,0%
[20:55:04.399] DATA_RX: Packet #600, Interval: 62,8ms, Jitter: 12,8ms
[20:55:04.695] PHYSICS: Frame #3300, Jitter: 35,1ms, Prediction: 100,0%
[20:55:05.285] DATA_RX: Packet #610, Interval: 92,9ms, Jitter: 42,9ms
[20:55:05.704] PHYSICS: Frame #3360, Jitter: 37,1ms, Prediction: 100,0%
[20:55:06.136] DATA_RX: Packet #620, Interval: 92,1ms, Jitter: 42,1ms
[20:55:06.726] PHYSICS: Frame #3420, Jitter: 37,9ms, Prediction: 100,0%
[20:55:07.138] DATA_RX: Packet #630, Interval: 194,4ms, Jitter: 144,4ms
[20:55:07.745] PHYSICS: Frame #3480, Jitter: 49,6ms, Prediction: 100,0%
[20:55:08.396] DATA_RX: Packet #640, Interval: 43,3ms, Jitter: -6,7ms
[20:55:08.762] PHYSICS: Frame #3540, Jitter: 74,1ms, Prediction: 100,0%
[20:55:09.645] DATA_RX: Packet #650, Interval: 93,7ms, Jitter: 43,7ms
[20:55:09.781] PHYSICS: Frame #3600, Jitter: 77,9ms, Prediction: 100,0%
[20:55:10.544] DATA_RX: Packet #660, Interval: 96,1ms, Jitter: 46,1ms
[20:55:10.802] PHYSICS: Frame #3660, Jitter: 41,4ms, Prediction: 100,0%
[20:55:11.442] DATA_RX: Packet #670, Interval: 89,5ms, Jitter: 39,5ms
[20:55:11.836] PHYSICS: Frame #3720, Jitter: 40,0ms, Prediction: 100,0%
[20:55:12.387] DATA_RX: Packet #680, Interval: 95,1ms, Jitter: 45,1ms
[20:55:12.857] PHYSICS: Frame #3780, Jitter: 44,4ms, Prediction: 100,0%
[20:55:13.245] DATA_RX: Packet #690, Interval: 95,2ms, Jitter: 45,2ms
[20:55:13.882] PHYSICS: Frame #3840, Jitter: 40,0ms, Prediction: 100,0%
[20:55:14.150] DATA_RX: Packet #700, Interval: 61,5ms, Jitter: 11,5ms
[20:55:14.903] PHYSICS: Frame #3900, Jitter: 42,7ms, Prediction: 100,0%
[20:55:15.049] DATA_RX: Packet #710, Interval: 100,6ms, Jitter: 50,6ms
[20:55:15.922] PHYSICS: Frame #3960, Jitter: 40,5ms, Prediction: 100,0%
[20:55:15.996] DATA_RX: Packet #720, Interval: 98,7ms, Jitter: 48,7ms
[20:55:16.848] DATA_RX: Packet #730, Interval: 60,9ms, Jitter: 10,9ms
[20:55:16.940] PHYSICS: Frame #4020, Jitter: 39,9ms, Prediction: 100,0%
[20:55:17.742] DATA_RX: Packet #740, Interval: 92,1ms, Jitter: 42,1ms
[20:55:17.962] PHYSICS: Frame #4080, Jitter: 37,4ms, Prediction: 100,0%
[20:55:18.642] DATA_RX: Packet #750, Interval: 95,3ms, Jitter: 45,3ms
[20:55:18.980] PHYSICS: Frame #4140, Jitter: 39,7ms, Prediction: 100,0%
[20:55:19.698] DATA_RX: Packet #760, Interval: 76,6ms, Jitter: 26,6ms
[20:55:19.998] PHYSICS: Frame #4200, Jitter: 47,8ms, Prediction: 100,0%
[20:55:20.699] DATA_RX: Packet #770, Interval: 56,0ms, Jitter: 6,0ms
[20:55:21.025] PHYSICS: Frame #4260, Jitter: 53,3ms, Prediction: 100,0%
[20:55:21.848] DATA_RX: Packet #780, Interval: 61,7ms, Jitter: 11,7ms
[20:55:22.050] PHYSICS: Frame #4320, Jitter: 60,3ms, Prediction: 100,0%
[20:55:22.751] DATA_RX: Packet #790, Interval: 64,7ms, Jitter: 14,7ms
[20:55:23.069] PHYSICS: Frame #4380, Jitter: 48,3ms, Prediction: 100,0%
[20:55:23.650] DATA_RX: Packet #800, Interval: 107,7ms, Jitter: 57,7ms
[20:55:24.090] PHYSICS: Frame #4440, Jitter: 37,9ms, Prediction: 100,0%
[20:55:24.549] DATA_RX: Packet #810, Interval: 108,5ms, Jitter: 58,5ms
[20:55:25.108] PHYSICS: Frame #4500, Jitter: 40,6ms, Prediction: 100,0%
[20:55:25.436] DATA_RX: Packet #820, Interval: 93,0ms, Jitter: 43,0ms
[20:55:26.130] PHYSICS: Frame #4560, Jitter: 37,8ms, Prediction: 100,0%
[20:55:26.286] DATA_RX: Packet #830, Interval: 93,3ms, Jitter: 43,3ms
[20:55:27.142] DATA_RX: Packet #840, Interval: 93,5ms, Jitter: 43,5ms
[20:55:27.152] PHYSICS: Frame #4620, Jitter: 35,3ms, Prediction: 100,0%
[20:55:28.144] DATA_RX: Packet #850, Interval: 90,6ms, Jitter: 40,6ms
[20:55:28.164] PHYSICS: Frame #4680, Jitter: 42,9ms, Prediction: 100,0%
[20:55:29.045] DATA_RX: Packet #860, Interval: 95,9ms, Jitter: 45,9ms
[20:55:29.185] PHYSICS: Frame #4740, Jitter: 44,4ms, Prediction: 100,0%
[20:55:29.948] DATA_RX: Packet #870, Interval: 97,6ms, Jitter: 47,6ms
[20:55:30.217] PHYSICS: Frame #4800, Jitter: 38,6ms, Prediction: 100,0%
[20:55:30.845] DATA_RX: Packet #880, Interval: 96,1ms, Jitter: 46,1ms
[20:55:31.234] PHYSICS: Frame #4860, Jitter: 38,6ms, Prediction: 100,0%
[20:55:31.718] DATA_RX: Packet #890, Interval: 81,3ms, Jitter: 31,3ms
[20:55:32.254] PHYSICS: Frame #4920, Jitter: 37,8ms, Prediction: 100,0%
[20:55:32.790] DATA_RX: Packet #900, Interval: 64,6ms, Jitter: 14,6ms
[20:55:33.264] PHYSICS: Frame #4980, Jitter: 54,3ms, Prediction: 100,0%
[20:55:34.157] DATA_RX: Packet #910, Interval: 200,8ms, Jitter: 150,8ms
[20:55:34.288] PHYSICS: Frame #5040, Jitter: 72,8ms, Prediction: 100,0%
[20:55:35.250] DATA_RX: Packet #920, Interval: 66,0ms, Jitter: 16,0ms
[20:55:35.302] PHYSICS: Frame #5100, Jitter: 74,0ms, Prediction: 100,0%
[20:55:36.148] DATA_RX: Packet #930, Interval: 60,9ms, Jitter: 10,9ms
[20:55:36.327] PHYSICS: Frame #5160, Jitter: 50,2ms, Prediction: 100,0%
[20:55:37.044] DATA_RX: Packet #940, Interval: 93,4ms, Jitter: 43,4ms
[20:55:37.347] PHYSICS: Frame #5220, Jitter: 39,8ms, Prediction: 100,0%
[20:55:37.898] DATA_RX: Packet #950, Interval: 108,6ms, Jitter: 58,6ms
[20:55:38.371] PHYSICS: Frame #5280, Jitter: 34,8ms, Prediction: 100,0%
[20:55:38.835] DATA_RX: Packet #960, Interval: 94,4ms, Jitter: 44,4ms
[20:55:39.392] PHYSICS: Frame #5340, Jitter: 40,3ms, Prediction: 100,0%
[20:55:39.744] DATA_RX: Packet #970, Interval: 101,7ms, Jitter: 51,7ms
[20:55:40.417] PHYSICS: Frame #5400, Jitter: 40,4ms, Prediction: 100,0%
[20:55:40.593] DATA_RX: Packet #980, Interval: 96,2ms, Jitter: 46,2ms
[20:55:41.430] PHYSICS: Frame #5460, Jitter: 37,9ms, Prediction: 100,0%
[20:55:41.450] DATA_RX: Packet #990, Interval: 49,4ms, Jitter: -0,6ms
[20:55:42.343] DATA_RX: Packet #1000, Interval: 93,5ms, Jitter: 43,5ms
[20:55:42.454] PHYSICS: Frame #5520, Jitter: 36,8ms, Prediction: 100,0%
[20:55:43.188] DATA_RX: Packet #1010, Interval: 95,3ms, Jitter: 45,3ms
[20:55:43.479] PHYSICS: Frame #5580, Jitter: 38,2ms, Prediction: 100,0%
[20:55:44.099] DATA_RX: Packet #1020, Interval: 109,1ms, Jitter: 59,1ms
[20:55:44.485] PHYSICS: Frame #5640, Jitter: 40,1ms, Prediction: 100,0%
[20:55:44.986] DATA_RX: Packet #1030, Interval: 91,8ms, Jitter: 41,8ms
[20:55:45.512] PHYSICS: Frame #5700, Jitter: 40,1ms, Prediction: 100,0%
[20:55:45.992] DATA_RX: Packet #1040, Interval: 162,9ms, Jitter: 112,9ms
[20:55:46.545] PHYSICS: Frame #5760, Jitter: 48,1ms, Prediction: 100,0%
[20:55:47.265] DATA_RX: Packet #1050, Interval: 202,0ms, Jitter: 152,0ms
[20:55:47.566] PHYSICS: Frame #5820, Jitter: 67,1ms, Prediction: 100,0%
[20:55:48.185] DATA_RX: Packet #1060, Interval: 94,1ms, Jitter: 44,1ms
[20:55:48.579] PHYSICS: Frame #5880, Jitter: 60,9ms, Prediction: 100,0%
[20:55:49.136] DATA_RX: Packet #1070, Interval: 94,6ms, Jitter: 44,6ms
[20:55:49.599] PHYSICS: Frame #5940, Jitter: 39,7ms, Prediction: 100,0%
[20:55:49.989] DATA_RX: Packet #1080, Interval: 92,1ms, Jitter: 42,1ms
[20:55:50.627] PHYSICS: Frame #6000, Jitter: 40,6ms, Prediction: 100,0%
[20:55:50.850] DATA_RX: Packet #1090, Interval: 64,9ms, Jitter: 14,9ms
[20:55:51.648] PHYSICS: Frame #6060, Jitter: 37,7ms, Prediction: 100,0%
[20:55:51.742] DATA_RX: Packet #1100, Interval: 95,4ms, Jitter: 45,4ms
[20:55:52.644] DATA_RX: Packet #1110, Interval: 89,6ms, Jitter: 39,6ms
[20:55:52.671] PHYSICS: Frame #6120, Jitter: 39,7ms, Prediction: 100,0%
[20:55:53.497] DATA_RX: Packet #1120, Interval: 59,8ms, Jitter: 9,8ms
[20:55:53.685] PHYSICS: Frame #6180, Jitter: 37,6ms, Prediction: 100,0%
[20:55:54.398] DATA_RX: Packet #1130, Interval: 110,1ms, Jitter: 60,1ms
[20:55:54.705] PHYSICS: Frame #6240, Jitter: 37,8ms, Prediction: 100,0%
[20:55:55.284] DATA_RX: Packet #1140, Interval: 93,2ms, Jitter: 43,2ms
[20:55:55.737] PHYSICS: Frame #6300, Jitter: 37,1ms, Prediction: 100,0%
[20:55:56.142] DATA_RX: Packet #1150, Interval: 93,2ms, Jitter: 43,2ms
[20:55:56.743] PHYSICS: Frame #6360, Jitter: 39,4ms, Prediction: 100,0%
[20:55:56.997] DATA_RX: Packet #1160, Interval: 108,7ms, Jitter: 58,7ms
[20:55:57.764] PHYSICS: Frame #6420, Jitter: 35,7ms, Prediction: 100,0%
[20:55:57.954] DATA_RX: Packet #1170, Interval: 43,1ms, Jitter: -6,9ms
[20:55:58.783] PHYSICS: Frame #6480, Jitter: 49,7ms, Prediction: 100,0%
[20:55:58.991] DATA_RX: Packet #1180, Interval: 52,4ms, Jitter: 2,4ms
[20:55:59.556] === LOG ENDED - Total packets: 1183, Total interpolations: 6519 ===
